BL51 BANKED LINKER/LOCATER V6.22                                                        09/06/2016  13:22:04  PAGE 1


BL51 BANKED LINKER/LOCATER V6.22, INVOKED BY:
E:\KEIL\C51\BIN\BL51.EXE lcd1602.obj, main.obj, rc522.obj TO TEST RAMSIZE (256)


MEMORY MODEL: SMALL


INPUT MODULES INCLUDED:
  lcd1602.obj (LCD1602)
  main.obj (MAIN)
  rc522.obj (RC522)
  E:\KEIL\C51\LIB\C51S.LIB (?C_STARTUP)
  E:\KEIL\C51\LIB\C51S.LIB (?C?COPY)
  E:\KEIL\C51\LIB\C51S.LIB (?C?CLDPTR)
  E:\KEIL\C51\LIB\C51S.LIB (?C?CLDOPTR)
  E:\KEIL\C51\LIB\C51S.LIB (?C?CSTPTR)
  E:\KEIL\C51\LIB\C51S.LIB (?C?CSTOPTR)
  E:\KEIL\C51\LIB\C51S.LIB (?C?ISTPTR)
  E:\KEIL\C51\LIB\C51S.LIB (?C_INIT)


LINK MAP OF MODULE:  TEST (LCD1602)


            TYPE    BASE      LENGTH    RELOCATION   SEGMENT NAME
            -----------------------------------------------------

            * * * * * * *   D A T A   M E M O R Y   * * * * * * *
            REG     0000H     0008H     ABSOLUTE     "REG BANK 0"
            DATA    0008H     0009H     UNIT         ?DT?MAIN
            DATA    0011H     0003H     UNIT         ?DT?_SENDSTRING?MAIN
            DATA    0014H     0003H     UNIT         ?DT?_CONVERT?MAIN
                    0017H     0009H                  *** GAP ***
            BIT     0020H.0   0000H.2   UNIT         ?BI?MAIN
            BIT     0020H.2   0000H.1   UNIT         _BIT_GROUP_
                    0020H.3   0000H.5                *** GAP ***
            DATA    0021H     0034H     UNIT         _DATA_GROUP_
            IDATA   0055H     0044H     UNIT         ?ID?MAIN
            IDATA   0099H     0001H     UNIT         ?STACK

            * * * * * * *  X D A T A   M E M O R Y  * * * * * * *
            XDATA   0000H     0008H     UNIT         ?XD?MAIN

            * * * * * * *   C O D E   M E M O R Y   * * * * * * *
            CODE    0000H     0003H     ABSOLUTE     
            CODE    0003H     018FH     UNIT         ?C?LIB_CODE
            CODE    0192H     0176H     UNIT         ?PR?_PCDCOMMF522?RC522
            CODE    0308H     0109H     UNIT         ?PR?CTRLPROCESS?MAIN
            CODE    0411H     0097H     UNIT         ?CO?MAIN
            CODE    04A8H     008CH     UNIT         ?C_C51STARTUP
            CODE    0534H     007BH     UNIT         ?PR?_PCDSELECT?RC522
            CODE    05AFH     0077H     UNIT         ?PR?_PCDANTICOLL?RC522
            CODE    0626H     0076H     UNIT         ?PR?_CALULATECRC?RC522
            CODE    069CH     0075H     UNIT         ?PR?_PCDAUTHSTATE?RC522
            CODE    0711H     0067H     UNIT         ?PR?_PCDREAD?RC522
            CODE    0778H     0061H     UNIT         ?PR?_PCDREQUEST?RC522
            CODE    07D9H     0053H     UNIT         ?PR?INITDESP?MAIN
            CODE    082CH     0050H     UNIT         ?PR?_CONVERT?MAIN
BL51 BANKED LINKER/LOCATER V6.22                                                      09/06/2016  13:22:04  PAGE 2


            CODE    087CH     004EH     UNIT         ?PR?PCDRESET?RC522
            CODE    08CAH     004BH     UNIT         ?PR?_M500PCDCONFIGISOTYPE?RC522
            CODE    0915H     003DH     UNIT         ?PR?PCDHALT?RC522
            CODE    0952H     0031H     UNIT         ?PR?_DELAY_LCD?LCD1602
            CODE    0983H     0025H     UNIT         ?PR?_SENDSTRING?MAIN
            CODE    09A8H     0025H     UNIT         ?C_INITSEG
            CODE    09CDH     0023H     UNIT         ?PR?_DELAY_MS?MAIN
            CODE    09F0H     0020H     UNIT         ?PR?MAIN?MAIN
            CODE    0A10H     001FH     UNIT         ?PR?_SPIWRITEBYTE?RC522
            CODE    0A2FH     001AH     UNIT         ?PR?SPIREADBYTE?RC522
            CODE    0A49H     0017H     UNIT         ?PR?_WRITERAWRC?RC522
            CODE    0A60H     0016H     UNIT         ?PR?INITCOM?MAIN
            CODE    0A76H     0016H     UNIT         ?PR?_CLEARBITMASK?RC522
            CODE    0A8CH     0015H     UNIT         ?PR?_DELAY_NS?RC522
            CODE    0AA1H     0015H     UNIT         ?PR?_READRAWRC?RC522
            CODE    0AB6H     0014H     UNIT         ?PR?INIT_LCD1602?LCD1602
            CODE    0ACAH     0012H     UNIT         ?PR?PCDANTENNAON?RC522
            CODE    0ADCH     0011H     UNIT         ?PR?_SETBITMASK?RC522
            CODE    0AEDH     0010H     UNIT         ?PR?INITRC522?MAIN
            CODE    0AFDH     000DH     UNIT         ?PR?INITALL?MAIN
            CODE    0B0AH     000CH     UNIT         ?PR?PASS?MAIN
            CODE    0B16H     0009H     UNIT         ?PR?_SENDBIT?MAIN
            CODE    0B1FH     0008H     UNIT         ?PR?_WRITE_CMD?LCD1602
            CODE    0B27H     0008H     UNIT         ?PR?_WRITE_DATA?LCD1602
            CODE    0B2FH     0007H     UNIT         ?PR?PCDANTENNAOFF?RC522



OVERLAY MAP OF MODULE:   TEST (LCD1602)


SEGMENT                                    BIT_GROUP          DATA_GROUP 
  +--> CALLED SEGMENT                   START    LENGTH     START    LENGTH
---------------------------------------------------------------------------
?C_C51STARTUP                           -----    -----      -----    -----
  +--> ?PR?MAIN?MAIN
  +--> ?C_INITSEG

?PR?MAIN?MAIN                           -----    -----      -----    -----
  +--> ?PR?INITCOM?MAIN
  +--> ?PR?INITALL?MAIN
  +--> ?PR?_SENDBIT?MAIN
  +--> ?PR?CTRLPROCESS?MAIN

?PR?INITALL?MAIN                        -----    -----      -----    -----
  +--> ?PR?INITRC522?MAIN
  +--> ?PR?PASS?MAIN

?PR?INITRC522?MAIN                      -----    -----      -----    -----
  +--> ?PR?PCDRESET?RC522
  +--> ?PR?PCDANTENNAOFF?RC522
  +--> ?PR?PCDANTENNAON?RC522
  +--> ?PR?_M500PCDCONFIGISOTYPE?RC522

?PR?PCDRESET?RC522                      -----    -----      -----    -----
  +--> ?PR?_DELAY_NS?RC522
  +--> ?PR?_WRITERAWRC?RC522
BL51 BANKED LINKER/LOCATER V6.22                                                      09/06/2016  13:22:04  PAGE 3



?PR?_WRITERAWRC?RC522                   -----    -----      -----    -----
  +--> ?PR?_SPIWRITEBYTE?RC522

?PR?PCDANTENNAOFF?RC522                 -----    -----      -----    -----
  +--> ?PR?_CLEARBITMASK?RC522

?PR?_CLEARBITMASK?RC522                 -----    -----      -----    -----
  +--> ?PR?_READRAWRC?RC522
  +--> ?PR?_WRITERAWRC?RC522

?PR?_READRAWRC?RC522                    -----    -----      -----    -----
  +--> ?PR?_SPIWRITEBYTE?RC522
  +--> ?PR?SPIREADBYTE?RC522

?PR?PCDANTENNAON?RC522                  -----    -----      -----    -----
  +--> ?PR?_READRAWRC?RC522
  +--> ?PR?_SETBITMASK?RC522

?PR?_SETBITMASK?RC522                   -----    -----      -----    -----
  +--> ?PR?_READRAWRC?RC522
  +--> ?PR?_WRITERAWRC?RC522

?PR?_M500PCDCONFIGISOTYPE?RC522         -----    -----      -----    -----
  +--> ?PR?_CLEARBITMASK?RC522
  +--> ?PR?_WRITERAWRC?RC522
  +--> ?PR?_DELAY_NS?RC522
  +--> ?PR?PCDANTENNAON?RC522

?PR?PASS?MAIN                           -----    -----      -----    -----
  +--> ?PR?_DELAY_MS?MAIN

?PR?CTRLPROCESS?MAIN                    0020H.2  0000H.1    0021H    0006H
  +--> ?PR?PCDRESET?RC522
  +--> ?PR?_PCDREQUEST?RC522
  +--> ?PR?_PCDANTICOLL?RC522
  +--> ?PR?_PCDSELECT?RC522
  +--> ?CO?MAIN
  +--> ?PR?_DELAY_MS?MAIN
  +--> ?PR?_PCDAUTHSTATE?RC522
  +--> ?PR?_PCDREAD?RC522
  +--> ?PR?PCDHALT?RC522

?PR?_PCDREQUEST?RC522                   -----    -----      0027H    0018H
  +--> ?PR?_CLEARBITMASK?RC522
  +--> ?PR?_WRITERAWRC?RC522
  +--> ?PR?_SETBITMASK?RC522
  +--> ?PR?_PCDCOMMF522?RC522

?PR?_PCDCOMMF522?RC522                  -----    -----      0044H    0011H
  +--> ?PR?_WRITERAWRC?RC522
  +--> ?PR?_CLEARBITMASK?RC522
  +--> ?PR?_SETBITMASK?RC522
  +--> ?PR?_READRAWRC?RC522

?PR?_PCDANTICOLL?RC522                  -----    -----      0027H    0019H
  +--> ?PR?_CLEARBITMASK?RC522
BL51 BANKED LINKER/LOCATER V6.22                                                      09/06/2016  13:22:04  PAGE 4


  +--> ?PR?_WRITERAWRC?RC522
  +--> ?PR?_PCDCOMMF522?RC522
  +--> ?PR?_SETBITMASK?RC522

?PR?_PCDSELECT?RC522                    -----    -----      0027H    0017H
  +--> ?PR?_CALULATECRC?RC522
  +--> ?PR?_CLEARBITMASK?RC522
  +--> ?PR?_PCDCOMMF522?RC522

?PR?_CALULATECRC?RC522                  -----    -----      003EH    0008H
  +--> ?PR?_CLEARBITMASK?RC522
  +--> ?PR?_WRITERAWRC?RC522
  +--> ?PR?_SETBITMASK?RC522
  +--> ?PR?_READRAWRC?RC522

?PR?_PCDAUTHSTATE?RC522                 -----    -----      0027H    001DH
  +--> ?PR?_PCDCOMMF522?RC522
  +--> ?PR?_READRAWRC?RC522

?PR?_PCDREAD?RC522                      -----    -----      0027H    0017H
  +--> ?PR?_CALULATECRC?RC522
  +--> ?PR?_PCDCOMMF522?RC522

?PR?PCDHALT?RC522                       -----    -----      0027H    0015H
  +--> ?PR?_CALULATECRC?RC522
  +--> ?PR?_PCDCOMMF522?RC522



SYMBOL TABLE OF MODULE:  TEST (LCD1602)

  VALUE           TYPE          NAME
  ----------------------------------

  -------         MODULE        LCD1602
  C:0000H         SYMBOL        _ICE_DUMMY_
  D:0080H         PUBLIC        P0
  D:0090H         PUBLIC        P1
  D:00B0H         PUBLIC        P3
  D:00A8H         PUBLIC        IE
  C:0AB6H         PUBLIC        init_lcd1602
  D:00B8H         PUBLIC        IP
  C:0965H         PUBLIC        _delay_lcd
  C:0B27H         PUBLIC        _write_data
  D:0098H         PUBLIC        SCON
  D:0088H         PUBLIC        TCON
  C:0B1FH         PUBLIC        _write_cmd
  B:00B0H.7       PUBLIC        e
  B:00B0H.5       PUBLIC        rs
  D:00C8H         PUBLIC        T2CON
  B:00B0H.6       PUBLIC        rw
  D:00D0H         PUBLIC        PSW
  -------         PROC          L?0013
  -------         ENDPROC       L?0013
  -------         PROC          _DELAY_LCD
  D:0006H         SYMBOL        a
  -------         DO            
BL51 BANKED LINKER/LOCATER V6.22                                                      09/06/2016  13:22:04  PAGE 5


  D:0006H         SYMBOL        x
  D:0004H         SYMBOL        y
  -------         ENDDO         
  C:0965H         LINE#         10
  C:0965H         LINE#         11
  C:0965H         LINE#         13
  C:096EH         LINE#         14
  C:0982H         LINE#         15
  -------         ENDPROC       _DELAY_LCD
  -------         PROC          _WRITE_CMD
  D:0007H         SYMBOL        b
  C:0B1FH         LINE#         20
  C:0B1FH         LINE#         21
  C:0B1FH         LINE#         22
  C:0B21H         LINE#         23
  C:0B21H         LINE#         24
  C:0B21H         LINE#         25
  C:0B21H         LINE#         26
  C:0B21H         LINE#         27
  C:0B21H         LINE#         28
  C:0B24H         LINE#         29
  C:0B26H         LINE#         30
  -------         ENDPROC       _WRITE_CMD
  -------         PROC          INIT_LCD1602
  C:0AB6H         LINE#         35
  C:0AB6H         LINE#         36
  C:0AB6H         LINE#         37
  C:0ABBH         LINE#         38
  C:0AC0H         LINE#         39
  C:0AC5H         LINE#         40
  -------         ENDPROC       INIT_LCD1602
  -------         PROC          _WRITE_DATA
  D:0007H         SYMBOL        c
  C:0B27H         LINE#         46
  C:0B27H         LINE#         47
  C:0B27H         LINE#         48
  C:0B29H         LINE#         49
  C:0B29H         LINE#         50
  C:0B29H         LINE#         51
  C:0B29H         LINE#         52
  C:0B29H         LINE#         53
  C:0B29H         LINE#         54
  C:0B2CH         LINE#         55
  C:0B2EH         LINE#         56
  -------         ENDPROC       _WRITE_DATA
  -------         ENDMOD        LCD1602

  -------         MODULE        MAIN
  C:0000H         SYMBOL        _ICE_DUMMY_
  C:0411H         PUBLIC        IDs
  D:0090H         PUBLIC        P1
  D:00A0H         PUBLIC        P2
  D:00B0H         PUBLIC        P3
  C:082CH         PUBLIC        _convert
  B:00A8H.7       PUBLIC        EA
  C:0492H         PUBLIC        kahao
  I:0055H         PUBLIC        WriteData
BL51 BANKED LINKER/LOCATER V6.22                                                      09/06/2016  13:22:04  PAGE 6


  I:0065H         PUBLIC        RevBuffer
  D:00A8H         PUBLIC        IE
  D:0008H         PUBLIC        oprationcard
  B:00A8H.4       PUBLIC        ES
  C:0B0AH         PUBLIC        Pass
  D:00B8H         PUBLIC        IP
  B:0020H.0       PUBLIC        flag
  B:0098H.1       PUBLIC        TI
  B:0090H.4       PUBLIC        beep
  C:09F0H         PUBLIC        main
  C:0983H         PUBLIC        _sendString
  C:0499H         PUBLIC        descardnum
  C:048AH         PUBLIC        welc
  B:0090H.5       PUBLIC        dept
  C:0AFDH         PUBLIC        InitAll
  D:0099H         PUBLIC        SBUF
  D:0087H         PUBLIC        PCON
  D:0098H         PUBLIC        SCON
  D:0089H         PUBLIC        TMOD
  D:0088H         PUBLIC        TCON
  C:0479H         PUBLIC        tab
  C:0308H         PUBLIC        ctrlprocess
  X:0000H         PUBLIC        show
  B:0020H.1       PUBLIC        sdl
  D:00E0H         PUBLIC        ACC
  D:0009H         PUBLIC        MLastSelectedSnr
  C:0B16H         PUBLIC        _sendBit
  D:008DH         PUBLIC        TH1
  D:000DH         PUBLIC        card_num
  D:008BH         PUBLIC        TL1
  C:09CDH         PUBLIC        _delay_ms
  I:0083H         PUBLIC        PassWd
  C:0A60H         PUBLIC        initCom
  B:0088H.6       PUBLIC        TR1
  D:000EH         PUBLIC        KuaiN
  I:0089H         PUBLIC        Read_Data
  C:07D9H         PUBLIC        initdesp
  B:0090H.2       PUBLIC        key_down
  C:0AEDH         PUBLIC        InitRc522
  D:00C8H         PUBLIC        T2CON
  D:0010H         PUBLIC        j
  D:00D0H         PUBLIC        PSW
  -------         PROC          _DELAY_MS
  D:0006H         SYMBOL        tms
  -------         DO            
  D:0004H         SYMBOL        ii
  -------         ENDDO         
  C:09CDH         LINE#         63
  C:09CDH         LINE#         64
  C:09CDH         LINE#         66
  C:09D1H         LINE#         67
  C:09D1H         LINE#         68
  C:09D6H         LINE#         69
  C:09E2H         LINE#         70
  C:09E2H         LINE#         71
  C:09E8H         LINE#         72
  C:09EFH         LINE#         73
BL51 BANKED LINKER/LOCATER V6.22                                                      09/06/2016  13:22:04  PAGE 7


  C:09EFH         LINE#         74
  -------         ENDPROC       _DELAY_MS
  -------         PROC          INITCOM
  C:0A60H         LINE#         76
  C:0A60H         LINE#         77
  C:0A60H         LINE#         78
  C:0A63H         LINE#         79
  C:0A66H         LINE#         80
  C:0A69H         LINE#         81
  C:0A6CH         LINE#         82
  C:0A6FH         LINE#         83
  C:0A71H         LINE#         85
  C:0A73H         LINE#         86
  C:0A75H         LINE#         87
  -------         ENDPROC       INITCOM
  -------         PROC          _SENDBIT
  D:0007H         SYMBOL        dat
  C:0B16H         LINE#         89
  C:0B16H         LINE#         90
  C:0B16H         LINE#         91
  C:0B17H         LINE#         92
  C:0B19H         LINE#         93
  C:0B1CH         LINE#         94
  C:0B1EH         LINE#         95
  -------         ENDPROC       _SENDBIT
  -------         PROC          _SENDSTRING
  D:0011H         SYMBOL        p
  C:0983H         LINE#         97
  C:0989H         LINE#         98
  C:0989H         LINE#         99
  C:0994H         LINE#         100
  C:0994H         LINE#         101
  C:09A5H         LINE#         102
  C:09A7H         LINE#         103
  -------         ENDPROC       _SENDSTRING
  -------         PROC          PASS
  C:0B0AH         LINE#         111
  C:0B0AH         LINE#         112
  C:0B0AH         LINE#         113
  C:0B0CH         LINE#         114
  C:0B13H         LINE#         115
  C:0B15H         LINE#         116
  -------         ENDPROC       PASS
  -------         PROC          INITRC522
  C:0AEDH         LINE#         121
  C:0AEDH         LINE#         122
  C:0AEDH         LINE#         124
  C:0AEFH         LINE#         125
  C:0AF2H         LINE#         126
  C:0AF5H         LINE#         127
  C:0AF8H         LINE#         128
  -------         ENDPROC       INITRC522
  -------         PROC          INITALL
  C:0AFDH         LINE#         134
  C:0AFDH         LINE#         135
  C:0AFDH         LINE#         136
  C:0B00H         LINE#         139
BL51 BANKED LINKER/LOCATER V6.22                                                      09/06/2016  13:22:04  PAGE 8


  C:0B05H         LINE#         140
  C:0B07H         LINE#         142
  -------         ENDPROC       INITALL
  -------         PROC          CTRLPROCESS
  -------         DO            
  D:0003H         SYMBOL        status
  D:0021H         SYMBOL        i
  D:0023H         SYMBOL        j
  D:0025H         SYMBOL        okNumber
  B:0020H.2       SYMBOL        stopBuff
  -------         ENDDO         
  C:0308H         LINE#         148
  C:0308H         LINE#         149
  C:0308H         LINE#         151
  C:0315H         LINE#         152
  C:0317H         LINE#         153
  C:031AH         LINE#         154
  C:0327H         LINE#         155
  C:032AH         LINE#         156
  C:032AH         LINE#         157
  C:032DH         LINE#         159
  C:032DH         LINE#         161
  C:032FH         LINE#         163
  C:033AH         LINE#         170
  C:0340H         LINE#         171
  C:0340H         LINE#         173
  C:0340H         LINE#         175
  C:0353H         LINE#         176
  C:035EH         LINE#         177
  C:0361H         LINE#         178
  C:0362H         LINE#         180
  C:0362H         LINE#         182
  C:0362H         LINE#         184
  C:0367H         LINE#         185
  C:0367H         LINE#         186
  C:036CH         LINE#         187
  C:036CH         LINE#         188
  C:03A2H         LINE#         189
  C:03B0H         LINE#         190
  C:03B8H         LINE#         191
  C:03C6H         LINE#         193
  C:03CBH         LINE#         194
  C:03DEH         LINE#         195
  C:03DEH         LINE#         197
  C:03E4H         LINE#         198
  C:03E4H         LINE#         199
  C:03E6H         LINE#         200
  C:03FCH         LINE#         201
  C:03FFH         LINE#         203
  C:040AH         LINE#         204
  C:040DH         LINE#         207
  C:0410H         LINE#         208
  C:0410H         LINE#         209
  -------         ENDPROC       CTRLPROCESS
  -------         PROC          _CONVERT
  D:0014H         SYMBOL        num_ID
  C:082CH         LINE#         211
BL51 BANKED LINKER/LOCATER V6.22                                                      09/06/2016  13:22:04  PAGE 9


  C:0832H         LINE#         212
  C:0832H         LINE#         213
  C:0835H         LINE#         214
  C:0835H         LINE#         215
  C:0859H         LINE#         216
  C:0874H         LINE#         217
  C:087BH         LINE#         218
  -------         ENDPROC       _CONVERT
  -------         PROC          INITDESP
  C:07D9H         LINE#         272
  C:07D9H         LINE#         273
  C:07D9H         LINE#         274
  C:07DEH         LINE#         275
  C:07E3H         LINE#         277
  C:07EFH         LINE#         278
  C:07EFH         LINE#         279
  C:07F2H         LINE#         280
  C:07F6H         LINE#         282
  C:07FBH         LINE#         284
  C:0807H         LINE#         285
  C:0807H         LINE#         286
  C:080AH         LINE#         287
  C:080EH         LINE#         289
  C:081CH         LINE#         290
  -------         ENDPROC       INITDESP
  -------         PROC          MAIN
  C:09F0H         LINE#         298
  C:09F0H         LINE#         299
  C:09F0H         LINE#         300
  C:09F3H         LINE#         301
  C:09F6H         LINE#         302
  C:09FBH         LINE#         303
  C:09FBH         LINE#         304
  C:09FBH         LINE#         306
  C:09FEH         LINE#         307
  C:09FEH         LINE#         308
  C:0A01H         LINE#         309
  C:0A06H         LINE#         310
  C:0A06H         LINE#         313
  C:0A06H         LINE#         314
  C:0A08H         LINE#         315
  C:0A0BH         LINE#         316
  -------         ENDPROC       MAIN
  -------         ENDMOD        MAIN

  -------         MODULE        RC522
  C:0000H         SYMBOL        _ICE_DUMMY_
  C:0B2FH         PUBLIC        PcdAntennaOff
  D:0090H         PUBLIC        P1
  D:00A0H         PUBLIC        P2
  C:0A2FH         PUBLIC        SPIReadByte
  D:00B0H         PUBLIC        P3
  B:00A0H.7       PUBLIC        spi_cs
  C:0778H         PUBLIC        _PcdRequest
  B:00A0H.0       PUBLIC        spi_rst
  C:0626H         PUBLIC        _CalulateCRC
  D:00A8H         PUBLIC        IE
BL51 BANKED LINKER/LOCATER V6.22                                                      09/06/2016  13:22:04  PAGE 10


  C:0A10H         PUBLIC        _SPIWriteByte
  C:0711H         PUBLIC        _PcdRead
  D:00B8H         PUBLIC        IP
  C:0A7AH         PUBLIC        _ClearBitMask
  C:087CH         PUBLIC        PcdReset
  C:0ACAH         PUBLIC        PcdAntennaOn
  C:0915H         PUBLIC        PcdHalt
  C:069CH         PUBLIC        _PcdAuthState
  D:0098H         PUBLIC        SCON
  D:0088H         PUBLIC        TCON
  C:0AA1H         PUBLIC        _ReadRawRC
  C:0A4DH         PUBLIC        _WriteRawRC
  C:0A8CH         PUBLIC        _delay_ns
  C:05AFH         PUBLIC        _PcdAnticoll
  C:0ADCH         PUBLIC        _SetBitMask
  C:0196H         PUBLIC        _PcdComMF522
  D:00C8H         PUBLIC        T2CON
  C:08CAH         PUBLIC        _M500PcdConfigISOType
  B:00A0H.4       PUBLIC        spi_miso
  B:00A0H.5       PUBLIC        spi_mosi
  D:00D0H         PUBLIC        PSW
  C:0534H         PUBLIC        _PcdSelect
  B:00A0H.6       PUBLIC        spi_ck
  -------         PROC          _DELAY_NS
  D:0006H         SYMBOL        ns
  -------         DO            
  D:0004H         SYMBOL        i
  -------         ENDDO         
  C:0A8CH         LINE#         6
  C:0A8CH         LINE#         7
  C:0A8CH         LINE#         9
  C:0A96H         LINE#         10
  C:0A96H         LINE#         11
  C:0A97H         LINE#         12
  C:0A98H         LINE#         13
  C:0A99H         LINE#         14
  C:0AA0H         LINE#         15
  -------         ENDPROC       _DELAY_NS
  -------         PROC          SPIREADBYTE
  -------         DO            
  D:0006H         SYMBOL        SPICount
  D:0007H         SYMBOL        SPIData
  -------         ENDDO         
  C:0A2FH         LINE#         20
  C:0A2FH         LINE#         21
  C:0A2FH         LINE#         25
  C:0A31H         LINE#         26
  C:0A32H         LINE#         27
  C:0A32H         LINE#         28
  C:0A36H         LINE#         29
  C:0A38H         LINE#         30
  C:0A3AH         LINE#         31
  C:0A3DH         LINE#         32
  C:0A3DH         LINE#         33
  C:0A40H         LINE#         34
  C:0A40H         LINE#         35
  C:0A42H         LINE#         36
BL51 BANKED LINKER/LOCATER V6.22                                                      09/06/2016  13:22:04  PAGE 11


  C:0A44H         LINE#         37
  C:0A48H         LINE#         38
  C:0A48H         LINE#         40
  -------         ENDPROC       SPIREADBYTE
  -------         PROC          _SPIWRITEBYTE
  D:0007H         SYMBOL        SPIData
  -------         DO            
  D:0006H         SYMBOL        SPICount
  -------         ENDDO         
  C:0A10H         LINE#         44
  C:0A10H         LINE#         45
  C:0A10H         LINE#         47
  C:0A12H         LINE#         48
  C:0A12H         LINE#         49
  C:0A16H         LINE#         50
  C:0A1AH         LINE#         52
  C:0A1CH         LINE#         54
  C:0A1EH         LINE#         55
  C:0A20H         LINE#         56
  C:0A22H         LINE#         57
  C:0A24H         LINE#         58
  C:0A26H         LINE#         59
  C:0A2AH         LINE#         60
  C:0A2EH         LINE#         61
  -------         ENDPROC       _SPIWRITEBYTE
  -------         PROC          _PCDREQUEST
  D:0027H         SYMBOL        req_code
  D:0028H         SYMBOL        pTagType
  -------         DO            
  D:0007H         SYMBOL        status
  D:002BH         SYMBOL        unLen
  D:002DH         SYMBOL        ucComMF522Buf
  -------         ENDDO         
  C:0778H         LINE#         75
  C:0780H         LINE#         76
  C:0780H         LINE#         81
  C:0783H         LINE#         82
  C:078AH         LINE#         83
  C:0791H         LINE#         85
  C:0794H         LINE#         87
  C:07B0H         LINE#         89
  C:07BBH         LINE#         90
  C:07BBH         LINE#         91
  C:07C6H         LINE#         92
  C:07D4H         LINE#         93
  C:07D6H         LINE#         95
  C:07D8H         LINE#         97
  C:07D8H         LINE#         98
  -------         ENDPROC       _PCDREQUEST
  -------         PROC          _PCDANTICOLL
  D:0027H         SYMBOL        pSnr
  -------         DO            
  D:002AH         SYMBOL        status
  D:0007H         SYMBOL        i
  D:002BH         SYMBOL        snr_check
  D:002CH         SYMBOL        unLen
  D:002EH         SYMBOL        ucComMF522Buf
BL51 BANKED LINKER/LOCATER V6.22                                                      09/06/2016  13:22:04  PAGE 12


  -------         ENDDO         
  C:05AFH         LINE#         105
  C:05B5H         LINE#         106
  C:05B5H         LINE#         108
  C:05B8H         LINE#         113
  C:05BBH         LINE#         114
  C:05C2H         LINE#         115
  C:05C9H         LINE#         117
  C:05CCH         LINE#         118
  C:05CFH         LINE#         120
  C:05EDH         LINE#         122
  C:05F1H         LINE#         123
  C:05F1H         LINE#         124
  C:05F2H         LINE#         125
  C:05F2H         LINE#         126
  C:0605H         LINE#         127
  C:060CH         LINE#         128
  C:0610H         LINE#         129
  C:0619H         LINE#         130
  C:061CH         LINE#         131
  C:061CH         LINE#         133
  C:0623H         LINE#         134
  C:0625H         LINE#         135
  -------         ENDPROC       _PCDANTICOLL
  -------         PROC          _PCDSELECT
  D:0027H         SYMBOL        pSnr
  -------         DO            
  D:0007H         SYMBOL        status
  D:0007H         SYMBOL        i
  D:002AH         SYMBOL        unLen
  D:002CH         SYMBOL        ucComMF522Buf
  -------         ENDDO         
  C:0534H         LINE#         142
  C:053AH         LINE#         143
  C:053AH         LINE#         149
  C:053DH         LINE#         150
  C:0540H         LINE#         151
  C:0543H         LINE#         152
  C:0544H         LINE#         153
  C:0544H         LINE#         154
  C:0559H         LINE#         155
  C:0563H         LINE#         156
  C:0567H         LINE#         157
  C:057BH         LINE#         159
  C:057EH         LINE#         161
  C:059EH         LINE#         163
  C:05A9H         LINE#         164
  C:05ACH         LINE#         166
  C:05AEH         LINE#         168
  C:05AEH         LINE#         169
  -------         ENDPROC       _PCDSELECT
  -------         PROC          _PCDAUTHSTATE
  D:0007H         SYMBOL        auth_mode
  D:0005H         SYMBOL        addr
  D:0029H         SYMBOL        pKey
  D:002CH         SYMBOL        pSnr
  -------         DO            
BL51 BANKED LINKER/LOCATER V6.22                                                      09/06/2016  13:22:04  PAGE 13


  D:002FH         SYMBOL        status
  D:0030H         SYMBOL        unLen
  D:0007H         SYMBOL        i
  D:0032H         SYMBOL        ucComMF522Buf
  -------         ENDDO         
  C:069CH         LINE#         181
  C:06A2H         LINE#         182
  C:06A2H         LINE#         187
  C:06A4H         LINE#         188
  C:06A6H         LINE#         189
  C:06A8H         LINE#         190
  C:06C1H         LINE#         191
  C:06C3H         LINE#         192
  C:06DCH         LINE#         194
  C:06FEH         LINE#         195
  C:070BH         LINE#         196
  C:070EH         LINE#         198
  C:0710H         LINE#         199
  -------         ENDPROC       _PCDAUTHSTATE
  -------         PROC          _PCDREAD
  D:0007H         SYMBOL        addr
  D:0027H         SYMBOL        pData
  -------         DO            
  D:0007H         SYMBOL        status
  D:002AH         SYMBOL        unLen
  D:0006H         SYMBOL        i
  D:002CH         SYMBOL        ucComMF522Buf
  -------         ENDDO         
  C:0711H         LINE#         207
  C:0717H         LINE#         208
  C:0717H         LINE#         213
  C:071AH         LINE#         214
  C:071CH         LINE#         215
  C:0730H         LINE#         217
  C:0750H         LINE#         218
  C:075BH         LINE#         219
  C:075BH         LINE#         220
  C:075CH         LINE#         221
  C:0775H         LINE#         222
  C:0775H         LINE#         224
  C:0777H         LINE#         226
  C:0777H         LINE#         227
  -------         ENDPROC       _PCDREAD
  -------         PROC          PCDHALT
  -------         DO            
  D:0027H         SYMBOL        status
  D:0028H         SYMBOL        unLen
  D:002AH         SYMBOL        ucComMF522Buf
  -------         ENDDO         
  C:0915H         LINE#         232
  C:0915H         LINE#         233
  C:0915H         LINE#         238
  C:0918H         LINE#         239
  C:091BH         LINE#         240
  C:092DH         LINE#         242
  C:094FH         LINE#         244
  C:0951H         LINE#         245
BL51 BANKED LINKER/LOCATER V6.22                                                      09/06/2016  13:22:04  PAGE 14


  -------         ENDPROC       PCDHALT
  -------         PROC          _CALULATECRC
  D:003EH         SYMBOL        pIndata
  D:0041H         SYMBOL        len
  D:0042H         SYMBOL        pOutData
  -------         DO            
  D:0045H         SYMBOL        i
  D:0007H         SYMBOL        n
  -------         ENDDO         
  C:0626H         LINE#         250
  C:062EH         LINE#         251
  C:062EH         LINE#         254
  C:0635H         LINE#         255
  C:0638H         LINE#         256
  C:063FH         LINE#         258
  C:0649H         LINE#         259
  C:0662H         LINE#         260
  C:0669H         LINE#         262
  C:066CH         LINE#         264
  C:066CH         LINE#         265
  C:0671H         LINE#         266
  C:0673H         LINE#         267
  C:0673H         LINE#         268
  C:067BH         LINE#         270
  C:068AH         LINE#         271
  -------         ENDPROC       _CALULATECRC
  -------         PROC          PCDRESET
  C:087CH         LINE#         278
  C:087CH         LINE#         279
  C:087CH         LINE#         280
  C:087EH         LINE#         281
  C:0885H         LINE#         283
  C:0887H         LINE#         284
  C:088AH         LINE#         286
  C:088CH         LINE#         287
  C:088FH         LINE#         288
  C:0896H         LINE#         289
  C:089DH         LINE#         291
  C:08A4H         LINE#         292
  C:08ABH         LINE#         293
  C:08B2H         LINE#         294
  C:08B9H         LINE#         295
  C:08C0H         LINE#         297
  C:08C7H         LINE#         299
  C:08C9H         LINE#         300
  -------         ENDPROC       PCDRESET
  -------         PROC          _M500PCDCONFIGISOTYPE
  D:0007H         SYMBOL        type
  C:08CAH         LINE#         304
  C:08CAH         LINE#         305
  C:08CAH         LINE#         306
  C:08CFH         LINE#         307
  C:08CFH         LINE#         308
  C:08D2H         LINE#         309
  C:08D9H         LINE#         310
  C:08E0H         LINE#         311
  C:08E7H         LINE#         312
BL51 BANKED LINKER/LOCATER V6.22                                                      09/06/2016  13:22:04  PAGE 15


  C:08EEH         LINE#         313
  C:08F5H         LINE#         314
  C:08FCH         LINE#         315
  C:0903H         LINE#         316
  C:090AH         LINE#         317
  C:090DH         LINE#         318
  C:090FH         LINE#         319
  C:0912H         LINE#         321
  C:0914H         LINE#         322
  -------         ENDPROC       _M500PCDCONFIGISOTYPE
  -------         PROC          _READRAWRC
  D:0007H         SYMBOL        Address
  -------         DO            
  D:0007H         SYMBOL        ucAddr
  D:0006H         SYMBOL        ucResult
  -------         ENDDO         
  C:0AA1H         LINE#         328
  C:0AA1H         LINE#         329
  C:0AA1H         LINE#         331
  C:0AA3H         LINE#         333
  C:0AA5H         LINE#         334
  C:0AADH         LINE#         336
  C:0AB0H         LINE#         337
  C:0AB3H         LINE#         338
  C:0AB5H         LINE#         340
  C:0AB5H         LINE#         341
  -------         ENDPROC       _READRAWRC
  C:0A49H         SYMBOL        L?0101
  -------         PROC          L?0100
  -------         ENDPROC       L?0100
  C:0A49H         SYMBOL        L?0101
  -------         PROC          _WRITERAWRC
  D:0007H         SYMBOL        Address
  D:0005H         SYMBOL        value
  -------         DO            
  D:0007H         SYMBOL        ucAddr
  -------         ENDDO         
  C:0A4DH         LINE#         348
  C:0A4DH         LINE#         349
  C:0A4DH         LINE#         352
  C:0A4FH         LINE#         353
  C:0A55H         LINE#         355
  C:0A58H         LINE#         356
  C:0A5DH         LINE#         357
  C:0A5FH         LINE#         358
  -------         ENDPROC       _WRITERAWRC
  -------         PROC          _SETBITMASK
  D:0004H         SYMBOL        reg
  D:0005H         SYMBOL        mask
  -------         DO            
  D:0006H         SYMBOL        tmp
  -------         ENDDO         
  C:0ADCH         LINE#         364
  C:0ADEH         LINE#         365
  C:0ADEH         LINE#         366
  C:0AE0H         LINE#         368
  C:0AE5H         LINE#         369
BL51 BANKED LINKER/LOCATER V6.22                                                      09/06/2016  13:22:04  PAGE 16


  -------         ENDPROC       _SETBITMASK
  C:0A76H         SYMBOL        L?0099
  -------         PROC          L?0098
  -------         ENDPROC       L?0098
  C:0A76H         SYMBOL        L?0099
  -------         PROC          _CLEARBITMASK
  D:0004H         SYMBOL        reg
  D:0005H         SYMBOL        mask
  -------         DO            
  D:0006H         SYMBOL        tmp
  -------         ENDDO         
  C:0A7AH         LINE#         377
  C:0A7CH         LINE#         378
  C:0A7CH         LINE#         379
  C:0A7EH         LINE#         381
  C:0A83H         LINE#         382
  -------         ENDPROC       _CLEARBITMASK
  -------         PROC          L?0097
  -------         ENDPROC       L?0097
  -------         PROC          _PCDCOMMF522
  D:0044H         SYMBOL        Command
  D:0045H         SYMBOL        pInData
  D:0048H         SYMBOL        InLenByte
  D:0049H         SYMBOL        pOutData
  D:004CH         SYMBOL        pOutLenBit
  -------         DO            
  D:004FH         SYMBOL        status
  D:0050H         SYMBOL        irqEn
  D:0051H         SYMBOL        waitFor
  D:0005H         SYMBOL        lastBits
  D:0052H         SYMBOL        n
  D:0053H         SYMBOL        i
  -------         ENDDO         
  C:0196H         LINE#         393
  C:019EH         LINE#         398
  C:019EH         LINE#         399
  C:01A1H         LINE#         400
  C:01A4H         LINE#         401
  C:01A6H         LINE#         405
  C:01B0H         LINE#         406
  C:01B0H         LINE#         407
  C:01B0H         LINE#         408
  C:01B3H         LINE#         409
  C:01B6H         LINE#         410
  C:01B8H         LINE#         411
  C:01B8H         LINE#         412
  C:01BBH         LINE#         413
  C:01BEH         LINE#         414
  C:01BEH         LINE#         415
  C:01BEH         LINE#         416
  C:01BEH         LINE#         417
  C:01BEH         LINE#         419
  C:01C8H         LINE#         420
  C:01CFH         LINE#         421
  C:01D2H         LINE#         422
  C:01D9H         LINE#         424
  C:01E9H         LINE#         425
BL51 BANKED LINKER/LOCATER V6.22                                                      09/06/2016  13:22:04  PAGE 17


  C:0208H         LINE#         426
  C:020FH         LINE#         429
  C:0214H         LINE#         430
  C:021BH         LINE#         432
  C:0221H         LINE#         434
  C:0221H         LINE#         435
  C:0228H         LINE#         436
  C:0230H         LINE#         437
  C:0230H         LINE#         438
  C:023FH         LINE#         439
  C:0246H         LINE#         441
  C:024FH         LINE#         442
  C:024FH         LINE#         443
  C:025CH         LINE#         444
  C:025CH         LINE#         445
  C:025EH         LINE#         446
  C:0265H         LINE#         447
  C:0268H         LINE#         448
  C:0271H         LINE#         449
  C:0271H         LINE#         450
  C:0278H         LINE#         452
  C:0281H         LINE#         453
  C:0283H         LINE#         454
  C:02A4H         LINE#         456
  C:02B8H         LINE#         458
  C:02BCH         LINE#         459
  C:02BFH         LINE#         461
  C:02C6H         LINE#         462
  C:02C9H         LINE#         464
  C:02D9H         LINE#         465
  C:02F8H         LINE#         466
  C:02F8H         LINE#         467
  C:02F8H         LINE#         469
  C:02FBH         LINE#         470
  C:02FBH         LINE#         472
  C:0302H         LINE#         473
  C:0305H         LINE#         474
  C:0307H         LINE#         475
  -------         ENDPROC       _PCDCOMMF522
  -------         PROC          PCDANTENNAON
  -------         DO            
  D:0007H         SYMBOL        i
  -------         ENDDO         
  C:0ACAH         LINE#         481
  C:0ACAH         LINE#         482
  C:0ACAH         LINE#         485
  C:0ACFH         LINE#         486
  C:0AD4H         LINE#         487
  C:0ADBH         LINE#         488
  -------         ENDPROC       PCDANTENNAON
  -------         PROC          PCDANTENNAOFF
  C:0B2FH         LINE#         494
  C:0B2FH         LINE#         495
  C:0B2FH         LINE#         496
  -------         ENDPROC       PCDANTENNAOFF
  -------         ENDMOD        RC522

BL51 BANKED LINKER/LOCATER V6.22                                                      09/06/2016  13:22:04  PAGE 18


  -------         MODULE        ?C?COPY
  C:00D3H         PUBLIC        ?C?COPY
  -------         ENDMOD        ?C?COPY

  -------         MODULE        ?C?CLDPTR
  C:00F9H         PUBLIC        ?C?CLDPTR
  -------         ENDMOD        ?C?CLDPTR

  -------         MODULE        ?C?CLDOPTR
  C:0112H         PUBLIC        ?C?CLDOPTR
  -------         ENDMOD        ?C?CLDOPTR

  -------         MODULE        ?C?CSTPTR
  C:013FH         PUBLIC        ?C?CSTPTR
  -------         ENDMOD        ?C?CSTPTR

  -------         MODULE        ?C?CSTOPTR
  C:0151H         PUBLIC        ?C?CSTOPTR
  -------         ENDMOD        ?C?CSTOPTR

  -------         MODULE        ?C?ISTPTR
  C:0173H         PUBLIC        ?C?ISTPTR
  -------         ENDMOD        ?C?ISTPTR

*** WARNING L16: UNCALLED SEGMENT, IGNORED FOR OVERLAY PROCESS
    SEGMENT: ?PR?INIT_LCD1602?LCD1602

*** WARNING L16: UNCALLED SEGMENT, IGNORED FOR OVERLAY PROCESS
    SEGMENT: ?PR?_SENDSTRING?MAIN

*** WARNING L16: UNCALLED SEGMENT, IGNORED FOR OVERLAY PROCESS
    SEGMENT: ?PR?_CONVERT?MAIN

*** WARNING L16: UNCALLED SEGMENT, IGNORED FOR OVERLAY PROCESS
    SEGMENT: ?PR?INITDESP?MAIN

Program Size: data=144.3 xdata=8 code=2870
LINK/LOCATE RUN COMPLETE.  4 WARNING(S),  0 ERROR(S)
